******************************************************************************
                  TI ARM Linker PC v20.2.0                     
******************************************************************************
>> Linked Sun Jul 12 21:47:30 2020

OUTPUT FILE NAME:   <test_pwm.out>
ENTRY POINT SYMBOL: "_c_int00_noargs"  address: 00001aa5


MEMORY CONFIGURATION

         name            origin    length      used     unused   attr    fill
----------------------  --------  ---------  --------  --------  ----  --------
  FLASH                 00000000   00040000  00002056  0003dfaa  R  X
  SRAM                  20000000   00008000  000004a5  00007b5b  RW X


SEGMENT ALLOCATION MAP

run origin  load origin   length   init length attrs members
----------  ----------- ---------- ----------- ----- -------
00000000    00000000    00002058   00002058    r-x
  00000000    00000000    0000026c   0000026c    r-- .intvecs
  0000026c    0000026c    00001ad2   00001ad2    r-x .text
  00001d40    00001d40    000002d8   000002d8    r-- .const
  00002018    00002018    00000040   00000040    r-- .cinit
20000000    20000000    000004a9   00000000    rw-
  20000000    20000000    0000026c   00000000    rw- .vtable
  20000270    20000270    00000200   00000000    rw- .stack
  20000470    20000470    00000034   00000000    rw- .bss
  200004a4    200004a4    00000005   00000000    rw- .data


SECTION ALLOCATION MAP

 output                                  attributes/
section   page    origin      length       input sections
--------  ----  ----------  ----------   ----------------
.intvecs   0    00000000    0000026c     
                  00000000    0000026c     tm4c123gh6pm_startup_ccs.obj (.intvecs)

.text      0    0000026c    00001ad2     
                  0000026c    00000bc4     main.obj (.text)
                  00000e30    000001b6     rtsv7M4_T_le_v4SPD16_eabi.lib : fd_add_t2.asm.obj (.text)
                  00000fe6    00000002                                   : div0.asm.obj (.text)
                  00000fe8    0000016c     driverlib.lib : gpio.obj (.text:GPIOPadConfigSet)
                  00001154    00000136     rtsv7M4_T_le_v4SPD16_eabi.lib : fd_div_t2.asm.obj (.text)
                  0000128a    00000002     --HOLE-- [fill = 0]
                  0000128c    00000118     driverlib.lib : sysctl.obj (.text:SysCtlClockGet)
                  000013a4    000000fc     rtsv7M4_T_le_v4SPD16_eabi.lib : fd_mul_t2.asm.obj (.text)
                  000014a0    000000f4     driverlib.lib : sysctl.obj (.text:SysCtlClockSet)
                  00001594    0000009c     rtsv7M4_T_le_v4SPD16_eabi.lib : memcpy_t2.asm.obj (.text)
                  00001630    0000006e                                   : fd_tos_t2.asm.obj (.text)
                  0000169e    00000002     --HOLE-- [fill = 0]
                  000016a0    00000068     driverlib.lib : interrupt.obj (.text:IntEnable)
                  00001708    00000068     rtsv7M4_T_le_v4SPD16_eabi.lib : copy_decompress_lzss.c.obj (.text:decompress:lzss:__TI_decompress_lzss)
                  00001770    00000060     driverlib.lib : timer.obj (.text:TimerConfigure)
                  000017d0    00000058                   : gpio.obj (.text:GPIOIntTypeSet)
                  00001828    0000004c                   : gpio.obj (.text:GPIOPinConfigure)
                  00001874    00000048     rtsv7M4_T_le_v4SPD16_eabi.lib : fd_toi_t2.asm.obj (.text)
                  000018bc    00000046     driverlib.lib : uart.obj (.text:UARTConfigSetExpClk)
                  00001902    00000002     --HOLE-- [fill = 0]
                  00001904    00000044                   : gpio.obj (.text:_GPIOIntNumberGet)
                  00001948    00000044     rtsv7M4_T_le_v4SPD16_eabi.lib : autoinit.c.obj (.text:__TI_auto_init_nobinit_nopinit:__TI_auto_init_nobinit_nopinit)
                  0000198c    00000040                                   : u_divt2.asm.obj (.text)
                  000019cc    00000038     driverlib.lib : sysctl.obj (.text:SysCtlPeripheralPresent)
                  00001a04    00000038     rtsv7M4_T_le_v4SPD16_eabi.lib : fs_tod_t2.asm.obj (.text)
                  00001a3c    00000034     driverlib.lib : interrupt.obj (.text:IntRegister)
                  00001a70    00000034                   : sysctl.obj (.text:SysCtlPeripheralEnable)
                  00001aa4    00000034     rtsv7M4_T_le_v4SPD16_eabi.lib : boot_cortex_m.c.obj (.text:_c_int00_noargs:_c_int00_noargs)
                  00001ad8    0000002c     driverlib.lib : gpio.obj (.text:GPIODirModeSet)
                  00001b04    00000022                   : pwm.obj (.text:PWMGenConfigure)
                  00001b26    00000002     --HOLE-- [fill = 0]
                  00001b28    00000020                   : uart.obj (.text:UARTDisable)
                  00001b48    00000020     rtsv7M4_T_le_v4SPD16_eabi.lib : u_tofd_t2.asm.obj (.text)
                  00001b68    0000001e     driverlib.lib : pwm.obj (.text:PWMPulseWidthSet)
                  00001b86    0000001c     rtsv7M4_T_le_v4SPD16_eabi.lib : copy_zero_init.c.obj (.text:decompress:ZI:__TI_zero_init_nomemset:__TI_zero_init_nomemset)
                  00001ba2    0000001a     driverlib.lib : gpio.obj (.text:GPIOPinTypeGPIOOutput)
                  00001bbc    00000018                   : gpio.obj (.text:GPIOIntRegister)
                  00001bd4    00000016                   : gpio.obj (.text:GPIOPinTypePWM)
                  00001bea    00000016                   : gpio.obj (.text:GPIOPinTypeQEI)
                  00001c00    00000016                   : gpio.obj (.text:GPIOPinTypeUART)
                  00001c16    00000002     --HOLE-- [fill = 0]
                  00001c18    00000014                   : sysctl.obj (.text:SysCtlPWMClockSet)
                  00001c2c    00000014                   : uart.obj (.text:UARTEnable)
                  00001c40    00000012                   : pwm.obj (.text:PWMOutputState)
                  00001c52    00000012                   : timer.obj (.text:TimerLoadSet)
                  00001c64    00000010                   : interrupt.obj (.text:IntMasterEnable)
                  00001c74    00000010                   : pwm.obj (.text:PWMGenPeriodSet)
                  00001c84    0000000e                   : qei.obj (.text:QEIConfigure)
                  00001c92    0000000e                   : timer.obj (.text:TimerEnable)
                  00001ca0    0000000e     rtsv7M4_T_le_v4SPD16_eabi.lib : copy_decompress_none.c.obj (.text:decompress:none:__TI_decompress_none)
                  00001cae    0000000c     driverlib.lib : cpu.obj (.text:CPUcpsie)
                  00001cba    0000000c                   : gpio.obj (.text:GPIOIntEnable)
                  00001cc6    0000000c                   : pwm.obj (.text:PWMGenEnable)
                  00001cd2    0000000c     tm4c123gh6pm_startup_ccs.obj (.text)
                  00001cde    0000000a     driverlib.lib : qei.obj (.text:QEIDisable)
                  00001ce8    0000000a                   : qei.obj (.text:QEIEnable)
                  00001cf2    0000000a                   : qei.obj (.text:QEIIntDisable)
                  00001cfc    0000000a                   : uart.obj (.text:UARTCharGet)
                  00001d06    0000000a                   : uart.obj (.text:UARTCharPut)
                  00001d10    00000008                   : timer.obj (.text:TimerIntEnable)
                  00001d18    00000006                   : gpio.obj (.text:GPIOIntClear)
                  00001d1e    00000006                   : sysctl.obj (.text:SysCtlDelay)
                  00001d24    00000006                   : uart.obj (.text:UARTClockSourceSet)
                  00001d2a    00000004                   : qei.obj (.text:QEIPositionGet)
                  00001d2e    00000004                   : qei.obj (.text:QEIPositionSet)
                  00001d32    00000004                   : timer.obj (.text:TimerIntClear)
                  00001d36    00000004     rtsv7M4_T_le_v4SPD16_eabi.lib : pre_init.c.obj (.text:_system_pre_init)
                  00001d3a    00000004                                   : exit.c.obj (.text:abort:abort)

.const     0    00001d40    000002d8     
                  00001d40    000000d8     driverlib.lib : gpio.obj (.const:g_ppui32GPIOIntMapSnowflake)
                  00001e18    000000c0                   : gpio.obj (.const:g_ppui32GPIOIntMapBlizzard)
                  00001ed8    00000090                   : gpio.obj (.const:g_pui32GPIOBaseAddrs)
                  00001f68    0000006c                   : sysctl.obj (.const:g_pui32Xtals)
                  00001fd4    00000014                   : interrupt.obj (.const:g_pui32EnRegs)
                  00001fe8    00000012     main.obj (.const:.string)
                  00001ffa    00000002     --HOLE-- [fill = 0]
                  00001ffc    0000000c     main.obj (.const:g_ui32UARTBase)
                  00002008    0000000c     main.obj (.const:g_ui32UARTPeriph)
                  00002014    00000004     main.obj (.const)

.cinit     0    00002018    00000040     
                  00002018    0000000c     (__TI_handler_table)
                  00002024    00000004     --HOLE-- [fill = 0]
                  00002028    00000008     (.cinit..bss.load) [load image, compression = zero_init]
                  00002030    00000008     (.cinit..vtable.load) [load image, compression = zero_init]
                  00002038    00000007     (.cinit..data.load) [load image, compression = lzss]
                  0000203f    00000001     --HOLE-- [fill = 0]
                  00002040    00000018     (__TI_cinit_table)

.init_array 
*          0    00000000    00000000     UNINITIALIZED

.vtable    0    20000000    0000026c     UNINITIALIZED
                  20000000    0000026c     driverlib.lib : interrupt.obj (.vtable)

.bss       0    20000470    00000034     UNINITIALIZED
                  20000470    00000004     (.common:Kd)
                  20000474    00000004     (.common:Ki)
                  20000478    00000004     (.common:Kp)
                  2000047c    00000004     (.common:Period)
                  20000480    00000004     (.common:antiWindup)
                  20000484    00000004     (.common:dt)
                  20000488    00000004     (.common:error)
                  2000048c    00000004     (.common:error_d)
                  20000490    00000004     (.common:error_i)
                  20000494    00000004     (.common:error_old)
                  20000498    00000004     (.common:u)
                  2000049c    00000002     (.common:pos)
                  2000049e    00000002     (.common:pos_d)
                  200004a0    00000002     (.common:uMax)
                  200004a2    00000002     (.common:uMin)

.data      0    200004a4    00000005     UNINITIALIZED
                  200004a4    00000005     main.obj (.data)

.stack     0    20000270    00000200     UNINITIALIZED
                  20000270    00000004     rtsv7M4_T_le_v4SPD16_eabi.lib : boot_cortex_m.c.obj (.stack)
                  20000274    000001fc     --HOLE--

__llvm_prf_cnts 
*          0    20000000    00000000     UNINITIALIZED

MODULE SUMMARY

       Module                         code   ro data   rw data
       ------                         ----   -------   -------
    .\
       main.obj                       3012   46        57     
       tm4c123gh6pm_startup_ccs.obj   12     620       0      
    +--+------------------------------+------+---------+---------+
       Total:                         3024   666       57     
                                                              
    C:/ti/ccs1000/TivaWare_C_Series-2.2.0.295/driverlib/ccs/Debug/driverlib.lib
       gpio.obj                       774    552       0      
       interrupt.obj                  172    20        620    
       sysctl.obj                     658    108       0      
       uart.obj                       148    0         0      
       timer.obj                      140    0         0      
       pwm.obj                        110    0         0      
       qei.obj                        52     0         0      
       cpu.obj                        12     0         0      
    +--+------------------------------+------+---------+---------+
       Total:                         2066   680       620    
                                                              
    C:\ti\ccs1000\ccs\tools\compiler\ti-cgt-arm_20.2.0.LTS\lib\rtsv7M4_T_le_v4SPD16_eabi.lib
       fd_add_t2.asm.obj              438    0         0      
       fd_div_t2.asm.obj              310    0         0      
       fd_mul_t2.asm.obj              252    0         0      
       memcpy_t2.asm.obj              156    0         0      
       fd_tos_t2.asm.obj              110    0         0      
       copy_decompress_lzss.c.obj     104    0         0      
       fd_toi_t2.asm.obj              72     0         0      
       autoinit.c.obj                 68     0         0      
       u_divt2.asm.obj                64     0         0      
       fs_tod_t2.asm.obj              56     0         0      
       boot_cortex_m.c.obj            52     0         0      
       u_tofd_t2.asm.obj              32     0         0      
       copy_zero_init.c.obj           28     0         0      
       copy_decompress_none.c.obj     14     0         0      
       exit.c.obj                     4      0         0      
       pre_init.c.obj                 4      0         0      
       div0.asm.obj                   2      0         0      
    +--+------------------------------+------+---------+---------+
       Total:                         1766   0         0      
                                                              
       Stack:                         0      0         512    
       Linker Generated:              0      59        0      
    +--+------------------------------+------+---------+---------+
       Grand Total:                   6856   1405      1189   


LINKER GENERATED COPY TABLES

__TI_cinit_table @ 00002040 records: 3, size/record: 8, table size: 24
	.bss: load addr=00002028, load size=00000008 bytes, run addr=20000470, run size=00000034 bytes, compression=zero_init
	.vtable: load addr=00002030, load size=00000008 bytes, run addr=20000000, run size=0000026c bytes, compression=zero_init
	.data: load addr=00002038, load size=00000007 bytes, run addr=200004a4, run size=00000005 bytes, compression=lzss


LINKER GENERATED HANDLER TABLE

__TI_handler_table @ 00002018 records: 3, size/record: 4, table size: 12
	index: 0, handler: __TI_zero_init
	index: 1, handler: __TI_decompress_lzss
	index: 2, handler: __TI_decompress_none


GLOBAL SYMBOLS: SORTED ALPHABETICALLY BY Name 

address   name                          
-------   ----                          
00001d3b  C$$EXIT                       
00001caf  CPUcpsie                      
00001ad9  GPIODirModeSet                
00001d19  GPIOIntClear                  
00001cbb  GPIOIntEnable                 
00001bbd  GPIOIntRegister               
000017d1  GPIOIntTypeSet                
00000fe9  GPIOPadConfigSet              
00001829  GPIOPinConfigure              
00001ba3  GPIOPinTypeGPIOOutput         
00001bd5  GPIOPinTypePWM                
00001beb  GPIOPinTypeQEI                
00001c01  GPIOPinTypeUART               
000016a1  IntEnable                     
00001c65  IntMasterEnable               
00001a3d  IntRegister                   
20000470  Kd                            
20000474  Ki                            
20000478  Kp                            
00000ac5  PF6IntHandler                 
00001b05  PWMGenConfigure               
00001cc7  PWMGenEnable                  
00001c75  PWMGenPeriodSet               
00001c41  PWMOutputState                
00001b69  PWMPulseWidthSet              
2000047c  Period                        
00001c85  QEIConfigure                  
00001cdf  QEIDisable                    
00001ce9  QEIEnable                     
00001cf3  QEIIntDisable                 
00001d2b  QEIPositionGet                
00001d2f  QEIPositionSet                
00001cd3  ResetISR                      
0000128d  SysCtlClockGet                
000014a1  SysCtlClockSet                
00001d1f  SysCtlDelay                   
00001c19  SysCtlPWMClockSet             
00001a71  SysCtlPeripheralEnable        
000019cd  SysCtlPeripheralPresent       
00000b95  Timer0AIntHandler             
00000b49  Timer0BIntHandler             
00001771  TimerConfigure                
00001c93  TimerEnable                   
00001d33  TimerIntClear                 
00001d11  TimerIntEnable                
00001c53  TimerLoadSet                  
00001cfd  UARTCharGet                   
00001d07  UARTCharPut                   
00001d25  UARTClockSourceSet            
000018bd  UARTConfigSetExpClk           
00001b29  UARTDisable                   
00001c2d  UARTEnable                    
0000026d  UARTStdioConfig               
000003bd  UARTgetc                      
00000303  UARTgets                      
000006df  UARTprintf                    
000003e5  UARTvprintf                   
000002b3  UARTwrite                     
20000470  __STACK_END                   
00000200  __STACK_SIZE                  
20000470  __STACK_TOP                   
00002040  __TI_CINIT_Base               
00002058  __TI_CINIT_Limit              
00002018  __TI_Handler_Table_Base       
00002024  __TI_Handler_Table_Limit      
00001949  __TI_auto_init_nobinit_nopinit
00001709  __TI_decompress_lzss          
00001ca1  __TI_decompress_none          
ffffffff  __TI_pprof_out_hndl           
ffffffff  __TI_prof_data_size           
ffffffff  __TI_prof_data_start          
00000000  __TI_static_base__            
00001b87  __TI_zero_init_nomemset       
00001631  __aeabi_d2f                   
00001875  __aeabi_d2iz                  
00000e3b  __aeabi_dadd                  
00001155  __aeabi_ddiv                  
000013a5  __aeabi_dmul                  
00000e31  __aeabi_dsub                  
00001a05  __aeabi_f2d                   
00000fe7  __aeabi_idiv0                 
00000fe7  __aeabi_ldiv0                 
00001595  __aeabi_memcpy                
00001595  __aeabi_memcpy4               
00001595  __aeabi_memcpy8               
00001b49  __aeabi_ui2d                  
0000198d  __aeabi_uidiv                 
0000198d  __aeabi_uidivmod              
ffffffff  __binit__                     
ffffffff  __c_args__                    
UNDEFED   __mpu_init                    
20000270  __stack                       
20000000  __start___llvm_prf_cnts       
20000000  __stop___llvm_prf_cnts        
00001aa5  _c_int00_noargs               
UNDEFED   _system_post_cinit            
00001d37  _system_pre_init              
00001d3b  abort                         
20000480  antiWindup                    
ffffffff  binit                         
20000484  dt                            
20000488  error                         
2000048c  error_d                       
20000490  error_i                       
20000494  error_old                     
20000000  g_pfnRAMVectors               
00000000  g_pfnVectors                  
00000727  init                          
000007a3  initConsole                   
000008b5  initLoopControl               
000007e3  initPWM                       
0000087b  initQEI                       
00000703  main                          
00001595  memcpy                        
2000049c  pos                           
2000049e  pos_d                         
00000941  setDIR                        
00000985  setPWM                        
20000498  u                             
200004a0  uMax                          
200004a2  uMin                          


GLOBAL SYMBOLS: SORTED BY Symbol Address 

address   name                          
-------   ----                          
00000000  __TI_static_base__            
00000000  g_pfnVectors                  
00000200  __STACK_SIZE                  
0000026d  UARTStdioConfig               
000002b3  UARTwrite                     
00000303  UARTgets                      
000003bd  UARTgetc                      
000003e5  UARTvprintf                   
000006df  UARTprintf                    
00000703  main                          
00000727  init                          
000007a3  initConsole                   
000007e3  initPWM                       
0000087b  initQEI                       
000008b5  initLoopControl               
00000941  setDIR                        
00000985  setPWM                        
00000ac5  PF6IntHandler                 
00000b49  Timer0BIntHandler             
00000b95  Timer0AIntHandler             
00000e31  __aeabi_dsub                  
00000e3b  __aeabi_dadd                  
00000fe7  __aeabi_idiv0                 
00000fe7  __aeabi_ldiv0                 
00000fe9  GPIOPadConfigSet              
00001155  __aeabi_ddiv                  
0000128d  SysCtlClockGet                
000013a5  __aeabi_dmul                  
000014a1  SysCtlClockSet                
00001595  __aeabi_memcpy                
00001595  __aeabi_memcpy4               
00001595  __aeabi_memcpy8               
00001595  memcpy                        
00001631  __aeabi_d2f                   
000016a1  IntEnable                     
00001709  __TI_decompress_lzss          
00001771  TimerConfigure                
000017d1  GPIOIntTypeSet                
00001829  GPIOPinConfigure              
00001875  __aeabi_d2iz                  
000018bd  UARTConfigSetExpClk           
00001949  __TI_auto_init_nobinit_nopinit
0000198d  __aeabi_uidiv                 
0000198d  __aeabi_uidivmod              
000019cd  SysCtlPeripheralPresent       
00001a05  __aeabi_f2d                   
00001a3d  IntRegister                   
00001a71  SysCtlPeripheralEnable        
00001aa5  _c_int00_noargs               
00001ad9  GPIODirModeSet                
00001b05  PWMGenConfigure               
00001b29  UARTDisable                   
00001b49  __aeabi_ui2d                  
00001b69  PWMPulseWidthSet              
00001b87  __TI_zero_init_nomemset       
00001ba3  GPIOPinTypeGPIOOutput         
00001bbd  GPIOIntRegister               
00001bd5  GPIOPinTypePWM                
00001beb  GPIOPinTypeQEI                
00001c01  GPIOPinTypeUART               
00001c19  SysCtlPWMClockSet             
00001c2d  UARTEnable                    
00001c41  PWMOutputState                
00001c53  TimerLoadSet                  
00001c65  IntMasterEnable               
00001c75  PWMGenPeriodSet               
00001c85  QEIConfigure                  
00001c93  TimerEnable                   
00001ca1  __TI_decompress_none          
00001caf  CPUcpsie                      
00001cbb  GPIOIntEnable                 
00001cc7  PWMGenEnable                  
00001cd3  ResetISR                      
00001cdf  QEIDisable                    
00001ce9  QEIEnable                     
00001cf3  QEIIntDisable                 
00001cfd  UARTCharGet                   
00001d07  UARTCharPut                   
00001d11  TimerIntEnable                
00001d19  GPIOIntClear                  
00001d1f  SysCtlDelay                   
00001d25  UARTClockSourceSet            
00001d2b  QEIPositionGet                
00001d2f  QEIPositionSet                
00001d33  TimerIntClear                 
00001d37  _system_pre_init              
00001d3b  C$$EXIT                       
00001d3b  abort                         
00002018  __TI_Handler_Table_Base       
00002024  __TI_Handler_Table_Limit      
00002040  __TI_CINIT_Base               
00002058  __TI_CINIT_Limit              
20000000  __start___llvm_prf_cnts       
20000000  __stop___llvm_prf_cnts        
20000000  g_pfnRAMVectors               
20000270  __stack                       
20000470  Kd                            
20000470  __STACK_END                   
20000470  __STACK_TOP                   
20000474  Ki                            
20000478  Kp                            
2000047c  Period                        
20000480  antiWindup                    
20000484  dt                            
20000488  error                         
2000048c  error_d                       
20000490  error_i                       
20000494  error_old                     
20000498  u                             
2000049c  pos                           
2000049e  pos_d                         
200004a0  uMax                          
200004a2  uMin                          
ffffffff  __TI_pprof_out_hndl           
ffffffff  __TI_prof_data_size           
ffffffff  __TI_prof_data_start          
ffffffff  __binit__                     
ffffffff  __c_args__                    
ffffffff  binit                         
UNDEFED   __mpu_init                    
UNDEFED   _system_post_cinit            

[121 symbols]
