******************************************************************************
                  TI ARM Linker PC v20.2.0                     
******************************************************************************
>> Linked Tue Jul 14 12:46:49 2020

OUTPUT FILE NAME:   <test_pwm.out>
ENTRY POINT SYMBOL: "_c_int00_noargs"  address: 000018d1


MEMORY CONFIGURATION

         name            origin    length      used     unused   attr    fill
----------------------  --------  ---------  --------  --------  ----  --------
  FLASH                 00000000   00040000  00001e62  0003e19e  R  X
  SRAM                  20000000   00008000  000004a5  00007b5b  RW X


SEGMENT ALLOCATION MAP

run origin  load origin   length   init length attrs members
----------  ----------- ---------- ----------- ----- -------
00000000    00000000    00001e68   00001e68    r-x
  00000000    00000000    0000026c   0000026c    r-- .intvecs
  0000026c    0000026c    000018de   000018de    r-x .text
  00001b4c    00001b4c    000002d8   000002d8    r-- .const
  00001e28    00001e28    00000040   00000040    r-- .cinit
20000000    20000000    000004a9   00000000    rw-
  20000000    20000000    0000026c   00000000    rw- .vtable
  20000270    20000270    00000200   00000000    rw- .stack
  20000470    20000470    00000034   00000000    rw- .bss
  200004a4    200004a4    00000005   00000000    rw- .data


SECTION ALLOCATION MAP

 output                                  attributes/
section   page    origin      length       input sections
--------  ----  ----------  ----------   ----------------
.intvecs   0    00000000    0000026c     
                  00000000    0000026c     tm4c123gh6pm_startup_ccs.obj (.intvecs)

.text      0    0000026c    000018de     
                  0000026c    00000b70     main.obj (.text)
                  00000ddc    000001b6     rtsv7M4_T_le_v4SPD16_eabi.lib : fd_add_t2.asm.obj (.text)
                  00000f92    00000002                                   : div0.asm.obj (.text)
                  00000f94    0000016c     driverlib.lib : gpio.obj (.text:GPIOPadConfigSet)
                  00001100    00000118                   : sysctl.obj (.text:SysCtlClockGet)
                  00001218    000000fc     rtsv7M4_T_le_v4SPD16_eabi.lib : fd_mul_t2.asm.obj (.text)
                  00001314    000000f4     driverlib.lib : sysctl.obj (.text:SysCtlClockSet)
                  00001408    0000009c     rtsv7M4_T_le_v4SPD16_eabi.lib : memcpy_t2.asm.obj (.text)
                  000014a4    0000006e                                   : fd_tos_t2.asm.obj (.text)
                  00001512    00000002     --HOLE-- [fill = 0]
                  00001514    00000068     driverlib.lib : interrupt.obj (.text:IntEnable)
                  0000157c    00000068     rtsv7M4_T_le_v4SPD16_eabi.lib : copy_decompress_lzss.c.obj (.text:decompress:lzss:__TI_decompress_lzss)
                  000015e4    00000060     driverlib.lib : timer.obj (.text:TimerConfigure)
                  00001644    00000058                   : gpio.obj (.text:GPIOIntTypeSet)
                  0000169c    0000004c                   : gpio.obj (.text:GPIOPinConfigure)
                  000016e8    00000046                   : uart.obj (.text:UARTConfigSetExpClk)
                  0000172e    00000002     --HOLE-- [fill = 0]
                  00001730    00000044                   : gpio.obj (.text:_GPIOIntNumberGet)
                  00001774    00000044     rtsv7M4_T_le_v4SPD16_eabi.lib : autoinit.c.obj (.text:__TI_auto_init_nobinit_nopinit:__TI_auto_init_nobinit_nopinit)
                  000017b8    00000040                                   : u_divt2.asm.obj (.text)
                  000017f8    00000038     driverlib.lib : sysctl.obj (.text:SysCtlPeripheralPresent)
                  00001830    00000038     rtsv7M4_T_le_v4SPD16_eabi.lib : fs_tod_t2.asm.obj (.text)
                  00001868    00000034     driverlib.lib : interrupt.obj (.text:IntRegister)
                  0000189c    00000034                   : sysctl.obj (.text:SysCtlPeripheralEnable)
                  000018d0    00000034     rtsv7M4_T_le_v4SPD16_eabi.lib : boot_cortex_m.c.obj (.text:_c_int00_noargs:_c_int00_noargs)
                  00001904    0000002c     driverlib.lib : gpio.obj (.text:GPIODirModeSet)
                  00001930    00000022                   : pwm.obj (.text:PWMGenConfigure)
                  00001952    00000002     --HOLE-- [fill = 0]
                  00001954    00000020                   : uart.obj (.text:UARTDisable)
                  00001974    0000001e                   : pwm.obj (.text:PWMPulseWidthSet)
                  00001992    0000001c     rtsv7M4_T_le_v4SPD16_eabi.lib : copy_zero_init.c.obj (.text:decompress:ZI:__TI_zero_init_nomemset:__TI_zero_init_nomemset)
                  000019ae    0000001a     driverlib.lib : gpio.obj (.text:GPIOPinTypeGPIOOutput)
                  000019c8    00000018                   : gpio.obj (.text:GPIOIntRegister)
                  000019e0    00000016                   : gpio.obj (.text:GPIOPinTypePWM)
                  000019f6    00000016                   : gpio.obj (.text:GPIOPinTypeQEI)
                  00001a0c    00000016                   : gpio.obj (.text:GPIOPinTypeUART)
                  00001a22    00000002     --HOLE-- [fill = 0]
                  00001a24    00000014                   : sysctl.obj (.text:SysCtlPWMClockSet)
                  00001a38    00000014                   : uart.obj (.text:UARTEnable)
                  00001a4c    00000012                   : pwm.obj (.text:PWMOutputState)
                  00001a5e    00000012                   : timer.obj (.text:TimerLoadSet)
                  00001a70    00000010                   : interrupt.obj (.text:IntMasterEnable)
                  00001a80    00000010                   : pwm.obj (.text:PWMGenPeriodSet)
                  00001a90    0000000e                   : qei.obj (.text:QEIConfigure)
                  00001a9e    0000000e                   : timer.obj (.text:TimerEnable)
                  00001aac    0000000e     rtsv7M4_T_le_v4SPD16_eabi.lib : copy_decompress_none.c.obj (.text:decompress:none:__TI_decompress_none)
                  00001aba    0000000c     driverlib.lib : cpu.obj (.text:CPUcpsie)
                  00001ac6    0000000c                   : gpio.obj (.text:GPIOIntEnable)
                  00001ad2    0000000c                   : pwm.obj (.text:PWMGenEnable)
                  00001ade    0000000c     tm4c123gh6pm_startup_ccs.obj (.text)
                  00001aea    0000000a     driverlib.lib : qei.obj (.text:QEIDisable)
                  00001af4    0000000a                   : qei.obj (.text:QEIEnable)
                  00001afe    0000000a                   : qei.obj (.text:QEIIntDisable)
                  00001b08    0000000a                   : uart.obj (.text:UARTCharGet)
                  00001b12    0000000a                   : uart.obj (.text:UARTCharPut)
                  00001b1c    00000008                   : timer.obj (.text:TimerIntEnable)
                  00001b24    00000006                   : gpio.obj (.text:GPIOIntClear)
                  00001b2a    00000006                   : sysctl.obj (.text:SysCtlDelay)
                  00001b30    00000006                   : uart.obj (.text:UARTClockSourceSet)
                  00001b36    00000004                   : qei.obj (.text:QEIPositionGet)
                  00001b3a    00000004                   : qei.obj (.text:QEIPositionSet)
                  00001b3e    00000004                   : timer.obj (.text:TimerIntClear)
                  00001b42    00000004     rtsv7M4_T_le_v4SPD16_eabi.lib : pre_init.c.obj (.text:_system_pre_init)
                  00001b46    00000004                                   : exit.c.obj (.text:abort:abort)

.const     0    00001b4c    000002d8     
                  00001b4c    000000d8     driverlib.lib : gpio.obj (.const:g_ppui32GPIOIntMapSnowflake)
                  00001c24    000000c0                   : gpio.obj (.const:g_ppui32GPIOIntMapBlizzard)
                  00001ce4    00000090                   : gpio.obj (.const:g_pui32GPIOBaseAddrs)
                  00001d74    0000006c                   : sysctl.obj (.const:g_pui32Xtals)
                  00001de0    00000014                   : interrupt.obj (.const:g_pui32EnRegs)
                  00001df4    00000012     main.obj (.const:.string)
                  00001e06    00000002     --HOLE-- [fill = 0]
                  00001e08    0000000c     main.obj (.const:g_ui32UARTBase)
                  00001e14    0000000c     main.obj (.const:g_ui32UARTPeriph)
                  00001e20    00000004     main.obj (.const)

.cinit     0    00001e28    00000040     
                  00001e28    0000000c     (__TI_handler_table)
                  00001e34    00000004     --HOLE-- [fill = 0]
                  00001e38    00000008     (.cinit..bss.load) [load image, compression = zero_init]
                  00001e40    00000008     (.cinit..vtable.load) [load image, compression = zero_init]
                  00001e48    00000007     (.cinit..data.load) [load image, compression = lzss]
                  00001e4f    00000001     --HOLE-- [fill = 0]
                  00001e50    00000018     (__TI_cinit_table)

.init_array 
*          0    00000000    00000000     UNINITIALIZED

.vtable    0    20000000    0000026c     UNINITIALIZED
                  20000000    0000026c     driverlib.lib : interrupt.obj (.vtable)

.bss       0    20000470    00000034     UNINITIALIZED
                  20000470    00000004     (.common:Kd)
                  20000474    00000004     (.common:Ki)
                  20000478    00000004     (.common:Kp)
                  2000047c    00000004     (.common:Period)
                  20000480    00000004     (.common:antiWindup)
                  20000484    00000004     (.common:dt)
                  20000488    00000004     (.common:error)
                  2000048c    00000004     (.common:error_d)
                  20000490    00000004     (.common:error_i)
                  20000494    00000004     (.common:error_old)
                  20000498    00000004     (.common:u)
                  2000049c    00000002     (.common:dutyMax)
                  2000049e    00000002     (.common:dutyMin)
                  200004a0    00000002     (.common:pos)
                  200004a2    00000002     (.common:pos_d)

.data      0    200004a4    00000005     UNINITIALIZED
                  200004a4    00000005     main.obj (.data)

.stack     0    20000270    00000200     UNINITIALIZED
                  20000270    00000004     rtsv7M4_T_le_v4SPD16_eabi.lib : boot_cortex_m.c.obj (.stack)
                  20000274    000001fc     --HOLE--

__llvm_prf_cnts 
*          0    20000000    00000000     UNINITIALIZED

MODULE SUMMARY

       Module                         code   ro data   rw data
       ------                         ----   -------   -------
    .\
       main.obj                       2928   46        57     
       tm4c123gh6pm_startup_ccs.obj   12     620       0      
    +--+------------------------------+------+---------+---------+
       Total:                         2940   666       57     
                                                              
    C:/ti/ccs1000/TivaWare_C_Series-2.2.0.295/driverlib/ccs/Debug/driverlib.lib
       gpio.obj                       774    552       0      
       interrupt.obj                  172    20        620    
       sysctl.obj                     658    108       0      
       uart.obj                       148    0         0      
       timer.obj                      140    0         0      
       pwm.obj                        110    0         0      
       qei.obj                        52     0         0      
       cpu.obj                        12     0         0      
    +--+------------------------------+------+---------+---------+
       Total:                         2066   680       620    
                                                              
    C:\ti\ccs1000\ccs\tools\compiler\ti-cgt-arm_20.2.0.LTS\lib\rtsv7M4_T_le_v4SPD16_eabi.lib
       fd_add_t2.asm.obj              438    0         0      
       fd_mul_t2.asm.obj              252    0         0      
       memcpy_t2.asm.obj              156    0         0      
       fd_tos_t2.asm.obj              110    0         0      
       copy_decompress_lzss.c.obj     104    0         0      
       autoinit.c.obj                 68     0         0      
       u_divt2.asm.obj                64     0         0      
       fs_tod_t2.asm.obj              56     0         0      
       boot_cortex_m.c.obj            52     0         0      
       copy_zero_init.c.obj           28     0         0      
       copy_decompress_none.c.obj     14     0         0      
       exit.c.obj                     4      0         0      
       pre_init.c.obj                 4      0         0      
       div0.asm.obj                   2      0         0      
    +--+------------------------------+------+---------+---------+
       Total:                         1352   0         0      
                                                              
       Stack:                         0      0         512    
       Linker Generated:              0      59        0      
    +--+------------------------------+------+---------+---------+
       Grand Total:                   6358   1405      1189   


LINKER GENERATED COPY TABLES

__TI_cinit_table @ 00001e50 records: 3, size/record: 8, table size: 24
	.bss: load addr=00001e38, load size=00000008 bytes, run addr=20000470, run size=00000034 bytes, compression=zero_init
	.vtable: load addr=00001e40, load size=00000008 bytes, run addr=20000000, run size=0000026c bytes, compression=zero_init
	.data: load addr=00001e48, load size=00000007 bytes, run addr=200004a4, run size=00000005 bytes, compression=lzss


LINKER GENERATED HANDLER TABLE

__TI_handler_table @ 00001e28 records: 3, size/record: 4, table size: 12
	index: 0, handler: __TI_zero_init
	index: 1, handler: __TI_decompress_lzss
	index: 2, handler: __TI_decompress_none


GLOBAL SYMBOLS: SORTED ALPHABETICALLY BY Name 

address   name                          
-------   ----                          
00001b47  C$$EXIT                       
00001abb  CPUcpsie                      
00001905  GPIODirModeSet                
00001b25  GPIOIntClear                  
00001ac7  GPIOIntEnable                 
000019c9  GPIOIntRegister               
00001645  GPIOIntTypeSet                
00000f95  GPIOPadConfigSet              
0000169d  GPIOPinConfigure              
000019af  GPIOPinTypeGPIOOutput         
000019e1  GPIOPinTypePWM                
000019f7  GPIOPinTypeQEI                
00001a0d  GPIOPinTypeUART               
00001515  IntEnable                     
00001a71  IntMasterEnable               
00001869  IntRegister                   
20000470  Kd                            
20000474  Ki                            
20000478  Kp                            
00000a8d  PF6IntHandler                 
00001931  PWMGenConfigure               
00001ad3  PWMGenEnable                  
00001a81  PWMGenPeriodSet               
00001a4d  PWMOutputState                
00001975  PWMPulseWidthSet              
2000047c  Period                        
00001a91  QEIConfigure                  
00001aeb  QEIDisable                    
00001af5  QEIEnable                     
00001aff  QEIIntDisable                 
00001b37  QEIPositionGet                
00001b3b  QEIPositionSet                
00001adf  ResetISR                      
00001101  SysCtlClockGet                
00001315  SysCtlClockSet                
00001b2b  SysCtlDelay                   
00001a25  SysCtlPWMClockSet             
0000189d  SysCtlPeripheralEnable        
000017f9  SysCtlPeripheralPresent       
00000b49  Timer0AIntHandler             
00000b0b  Timer0BIntHandler             
000015e5  TimerConfigure                
00001a9f  TimerEnable                   
00001b3f  TimerIntClear                 
00001b1d  TimerIntEnable                
00001a5f  TimerLoadSet                  
00001b09  UARTCharGet                   
00001b13  UARTCharPut                   
00001b31  UARTClockSourceSet            
000016e9  UARTConfigSetExpClk           
00001955  UARTDisable                   
00001a39  UARTEnable                    
0000026d  UARTStdioConfig               
000003bd  UARTgetc                      
00000303  UARTgets                      
000006df  UARTprintf                    
000003e5  UARTvprintf                   
000002b3  UARTwrite                     
20000470  __STACK_END                   
00000200  __STACK_SIZE                  
20000470  __STACK_TOP                   
00001e50  __TI_CINIT_Base               
00001e68  __TI_CINIT_Limit              
00001e28  __TI_Handler_Table_Base       
00001e34  __TI_Handler_Table_Limit      
00001775  __TI_auto_init_nobinit_nopinit
0000157d  __TI_decompress_lzss          
00001aad  __TI_decompress_none          
ffffffff  __TI_pprof_out_hndl           
ffffffff  __TI_prof_data_size           
ffffffff  __TI_prof_data_start          
00000000  __TI_static_base__            
00001993  __TI_zero_init_nomemset       
000014a5  __aeabi_d2f                   
00000de7  __aeabi_dadd                  
00001219  __aeabi_dmul                  
00000ddd  __aeabi_dsub                  
00001831  __aeabi_f2d                   
00000f93  __aeabi_idiv0                 
00000f93  __aeabi_ldiv0                 
00001409  __aeabi_memcpy                
00001409  __aeabi_memcpy4               
00001409  __aeabi_memcpy8               
000017b9  __aeabi_uidiv                 
000017b9  __aeabi_uidivmod              
ffffffff  __binit__                     
ffffffff  __c_args__                    
UNDEFED   __mpu_init                    
20000270  __stack                       
20000000  __start___llvm_prf_cnts       
20000000  __stop___llvm_prf_cnts        
000018d1  _c_int00_noargs               
UNDEFED   _system_post_cinit            
00001b43  _system_pre_init              
00001b47  abort                         
20000480  antiWindup                    
ffffffff  binit                         
20000484  dt                            
2000049c  dutyMax                       
2000049e  dutyMin                       
20000488  error                         
2000048c  error_d                       
20000490  error_i                       
20000494  error_old                     
20000000  g_pfnRAMVectors               
00000000  g_pfnVectors                  
00000727  init                          
000007a3  initConsole                   
00000899  initLoopControl               
000007e3  initPWM                       
0000085f  initQEI                       
00000703  main                          
00001409  memcpy                        
200004a0  pos                           
200004a2  pos_d                         
00000921  setDIR                        
00000965  setPWM                        
20000498  u                             


GLOBAL SYMBOLS: SORTED BY Symbol Address 

address   name                          
-------   ----                          
00000000  __TI_static_base__            
00000000  g_pfnVectors                  
00000200  __STACK_SIZE                  
0000026d  UARTStdioConfig               
000002b3  UARTwrite                     
00000303  UARTgets                      
000003bd  UARTgetc                      
000003e5  UARTvprintf                   
000006df  UARTprintf                    
00000703  main                          
00000727  init                          
000007a3  initConsole                   
000007e3  initPWM                       
0000085f  initQEI                       
00000899  initLoopControl               
00000921  setDIR                        
00000965  setPWM                        
00000a8d  PF6IntHandler                 
00000b0b  Timer0BIntHandler             
00000b49  Timer0AIntHandler             
00000ddd  __aeabi_dsub                  
00000de7  __aeabi_dadd                  
00000f93  __aeabi_idiv0                 
00000f93  __aeabi_ldiv0                 
00000f95  GPIOPadConfigSet              
00001101  SysCtlClockGet                
00001219  __aeabi_dmul                  
00001315  SysCtlClockSet                
00001409  __aeabi_memcpy                
00001409  __aeabi_memcpy4               
00001409  __aeabi_memcpy8               
00001409  memcpy                        
000014a5  __aeabi_d2f                   
00001515  IntEnable                     
0000157d  __TI_decompress_lzss          
000015e5  TimerConfigure                
00001645  GPIOIntTypeSet                
0000169d  GPIOPinConfigure              
000016e9  UARTConfigSetExpClk           
00001775  __TI_auto_init_nobinit_nopinit
000017b9  __aeabi_uidiv                 
000017b9  __aeabi_uidivmod              
000017f9  SysCtlPeripheralPresent       
00001831  __aeabi_f2d                   
00001869  IntRegister                   
0000189d  SysCtlPeripheralEnable        
000018d1  _c_int00_noargs               
00001905  GPIODirModeSet                
00001931  PWMGenConfigure               
00001955  UARTDisable                   
00001975  PWMPulseWidthSet              
00001993  __TI_zero_init_nomemset       
000019af  GPIOPinTypeGPIOOutput         
000019c9  GPIOIntRegister               
000019e1  GPIOPinTypePWM                
000019f7  GPIOPinTypeQEI                
00001a0d  GPIOPinTypeUART               
00001a25  SysCtlPWMClockSet             
00001a39  UARTEnable                    
00001a4d  PWMOutputState                
00001a5f  TimerLoadSet                  
00001a71  IntMasterEnable               
00001a81  PWMGenPeriodSet               
00001a91  QEIConfigure                  
00001a9f  TimerEnable                   
00001aad  __TI_decompress_none          
00001abb  CPUcpsie                      
00001ac7  GPIOIntEnable                 
00001ad3  PWMGenEnable                  
00001adf  ResetISR                      
00001aeb  QEIDisable                    
00001af5  QEIEnable                     
00001aff  QEIIntDisable                 
00001b09  UARTCharGet                   
00001b13  UARTCharPut                   
00001b1d  TimerIntEnable                
00001b25  GPIOIntClear                  
00001b2b  SysCtlDelay                   
00001b31  UARTClockSourceSet            
00001b37  QEIPositionGet                
00001b3b  QEIPositionSet                
00001b3f  TimerIntClear                 
00001b43  _system_pre_init              
00001b47  C$$EXIT                       
00001b47  abort                         
00001e28  __TI_Handler_Table_Base       
00001e34  __TI_Handler_Table_Limit      
00001e50  __TI_CINIT_Base               
00001e68  __TI_CINIT_Limit              
20000000  __start___llvm_prf_cnts       
20000000  __stop___llvm_prf_cnts        
20000000  g_pfnRAMVectors               
20000270  __stack                       
20000470  Kd                            
20000470  __STACK_END                   
20000470  __STACK_TOP                   
20000474  Ki                            
20000478  Kp                            
2000047c  Period                        
20000480  antiWindup                    
20000484  dt                            
20000488  error                         
2000048c  error_d                       
20000490  error_i                       
20000494  error_old                     
20000498  u                             
2000049c  dutyMax                       
2000049e  dutyMin                       
200004a0  pos                           
200004a2  pos_d                         
ffffffff  __TI_pprof_out_hndl           
ffffffff  __TI_prof_data_size           
ffffffff  __TI_prof_data_start          
ffffffff  __binit__                     
ffffffff  __c_args__                    
ffffffff  binit                         
UNDEFED   __mpu_init                    
UNDEFED   _system_post_cinit            

[118 symbols]
